{
  String meminfoContent=StringUtilities.joinLines("MemTotal:      3091732 kB","MemFree:       2167344 kB","Buffers:         60644 kB","Cached:         509940 kB","SwapCached:          0 kB","Active:         636892 kB","Inactive:       212760 kB","HighTotal:           0 kB","HighFree:            0 kB","LowTotal:      3091732 kB","LowFree:       2167344 kB","SwapTotal:     9124880 kB","SwapFree:      9124880 kB","Dirty:               0 kB","Writeback:           0 kB","AnonPages:      279028 kB","Mapped:          54404 kB","Slab:            42820 kB","PageTables:       5184 kB","NFS_Unstable:        0 kB","Bounce:              0 kB","CommitLimit:  10670744 kB","Committed_AS:   665840 kB","VmallocTotal: 34359738367 kB","VmallocUsed:    300484 kB","VmallocChunk: 34359437307 kB","HugePages_Total:     0","HugePages_Free:      0","HugePages_Rsvd:      0","Hugepagesize:     2048 kB","Bogus: not_a_number","Bogus2: 1000000000000000000000000000000000000000000000000 kB");
  String meminfoFile=scratch.file("test_meminfo",meminfoContent).getPathString();
  ProcMeminfoParser memInfo=new ProcMeminfoParser(meminfoFile);
  assertEquals(2356756,memInfo.getFreeRamKb());
  assertEquals(509940,memInfo.getRamKb("Cached"));
  assertEquals(3091732,memInfo.getTotalKb());
  assertNotAvailable("Bogus",memInfo);
  assertNotAvailable("Bogus2",memInfo);
}
