{
  String cpuinfoContent=StringUtilities.joinLines("processor\t: 0","vendor_id\t: GenuineIntel","cpu family\t: 15","model\t\t: 4","model name\t:               Intel(R) Pentium(R) 4 CPU 3.40GHz","stepping\t: 10","cpu MHz\t\t: 3400.000","cache size\t: 2048 KB","fpu\t\t: yes","fpu_exception\t: yes","cpuid level\t: 5","wp\t\t: yes","flags\t\t: fpu vme de pse tsc msr pae mce cx8 apic sep mtrr pge mca " + "cmov pat pse36 clflush dts acpi mmx fxsr sse sse2 ss ht tm " + "syscall nx lm constant_tsc up pni monitor ds_cpl est cid cx16 "+ "xtpr lahf_lm","bogomips\t: 6803.83","clflush size\t: 64","cache_alignment\t: 128","address sizes\t: 36 bits physical, 48 bits virtual","power management:");
  String meminfoContent=StringUtilities.joinLines("MemTotal:      3091732 kB","MemFree:       2167344 kB","Buffers:         60644 kB","Cached:         509940 kB","SwapCached:          0 kB","Active:         636892 kB","Inactive:       212760 kB","HighTotal:           0 kB","HighFree:            0 kB","LowTotal:      3091732 kB","LowFree:       2167344 kB","SwapTotal:     9124880 kB","SwapFree:      9124880 kB","Dirty:               0 kB","Writeback:           0 kB","AnonPages:      279028 kB","Mapped:          54404 kB","Slab:            42820 kB","PageTables:       5184 kB","NFS_Unstable:        0 kB","Bounce:              0 kB","CommitLimit:  10670744 kB","Committed_AS:   665840 kB","VmallocTotal: 34359738367 kB","VmallocUsed:    300484 kB","VmallocChunk: 34359437307 kB","HugePages_Total:     0","HugePages_Free:      0","HugePages_Rsvd:      0","Hugepagesize:     2048 kB");
  String meminfoFile=scratch.file("test_meminfo_nonht",meminfoContent).getPathString();
  assertEquals(1,LocalHostResourceManagerLinux.getLogicalCpuCountHelper(cpuinfoContent));
  assertEquals(1,LocalHostResourceManagerLinux.getPhysicalCpuCountHelper(1,cpuinfoContent));
  assertEquals(3091.732,LocalHostResourceManagerLinux.getMemoryInMbHelper(meminfoFile),0.1);
}
